// Vitest Snapshot v1, https://vitest.dev/guide/snapshot.html

exports[`Error Box > initial render 1`] = `
<div>
  <div
    aria-label="Error content"
    aria-live="polite"
    class="sc-VHjGu eslFRO"
    role="alert"
  >
    <p>
      Something went wrong
    </p>
    <p>
      Please, retry again later
    </p>
  </div>
</div>
`;
